<html>
<body>
<pre>
<h1>µVision Build Log</h1>
<h2>Tool Versions:</h2>
IDE-Version: ¦ÌVision V5.31.0.0
Copyright (C) 2020 ARM Ltd and ARM Germany GmbH. All rights reserved.
License Information: 1 1, 1, LIC=PE7DL-0D7NF-LQB0Q-NRKNF-J4CU0-AVSNH
 
Tool Versions:
Toolchain:       MDK-ARM Plus  Version: 5.31.0.0
Toolchain Path:  D:\SoftWares\Keil_v5\ARM\ARMCLANG\Bin
C Compiler:      ArmClang.exe V6.14
Assembler:       Armasm.exe V6.14
Linker/Locator:  ArmLink.exe V6.14
Library Manager: ArmAr.exe V6.14
Hex Converter:   FromElf.exe V6.14
CPU DLL:         SARMCM3.DLL V5.31.0.0
Dialog DLL:      DCM.DLL V1.17.3.0
Target DLL:      CMSIS_AGDI.dll V1.32.6.0
Dialog DLL:      TCM.DLL V1.46.0.0
 
<h2>Project:</h2>
D:\WorkSpace\STM32\stm32f405_lvgl_example\MDK-ARM\stm32f405_lvgl_example.uvprojx
Project File Date:  10/06/2021

<h2>Output:</h2>
*** Using Compiler 'V6.14', folder: 'D:\SoftWares\Keil_v5\ARM\ARMCLANG\Bin'
Build target 'stm32f405_lvgl_example'
compiling gpio.c...
compiling stm32f4xx_hal_msp.c...
compiling stm32f4xx_it.c...
compiling spi.c...
compiling stm32f4xx_hal_flash_ramfunc.c...
compiling stm32f4xx_hal_flash_ex.c...
compiling main.c...
compiling stm32f4xx_hal_rcc_ex.c...
compiling stm32f4xx_hal_flash.c...
compiling freertos.c...
compiling stm32f4xx_hal_rcc.c...
compiling stm32f4xx_hal_gpio.c...
compiling stm32f4xx_hal_pwr_ex.c...
compiling stm32f4xx_hal_dma_ex.c...
compiling stm32f4xx_hal_pwr.c...
compiling stm32f4xx_hal_tim.c...
compiling stm32f4xx_hal.c...
compiling stm32f4xx_hal_cortex.c...
compiling stm32f4xx_hal_tim_ex.c...
compiling stm32f4xx_hal_exti.c...
compiling stm32f4xx_hal_dma.c...
compiling fonts.c...
compiling system_stm32f4xx.c...
compiling st7735.c...
compiling lv_disp.c...
compiling lv_obj_class.c...
compiling lv_event.c...
compiling lv_group.c...
compiling stm32f4xx_hal_spi.c...
compiling lv_obj_draw.c...
compiling lv_indev_scroll.c...
compiling lv_indev.c...
compiling lv_obj.c...
compiling lv_obj_pos.c...
compiling lv_theme.c...
compiling lv_obj_style_gen.c...
compiling lv_obj_tree.c...
compiling lv_obj_style.c...
compiling lv_obj_scroll.c...
compiling lv_refr.c...
compiling lv_draw_img.c...
compiling lv_draw_arc.c...
compiling lv_draw_triangle.c...
compiling lv_draw_label.c...
compiling lv_draw_line.c...
compiling lv_img_cache.c...
compiling lv_extra.c...
compiling lv_draw_blend.c...
compiling lv_img_decoder.c...
compiling lv_img_buf.c...
compiling lv_snapshot.c...
compiling lv_flex.c...
compiling lv_draw_mask.c...
compiling lv_theme_basic.c...
compiling lv_animimg.c...
compiling lv_calendar_header_arrow.c...
compiling lv_calendar_header_dropdown.c...
compiling lv_calendar.c...
compiling lv_draw_rect.c...
compiling lv_grid.c...
compiling lv_theme_mono.c...
compiling lv_theme_default.c...
compiling lv_colorwheel.c...
compiling lv_keyboard.c...
compiling lv_led.c...
compiling lv_list.c...
compiling lv_msgbox.c...
compiling lv_imgbtn.c...
compiling lv_meter.c...
compiling lv_span.c...
compiling lv_spinbox.c...
compiling lv_tileview.c...
compiling lv_font.c...
compiling lv_spinner.c...
compiling lv_tabview.c...
compiling lv_win.c...
compiling lv_font_fmt_txt.c...
compiling lv_font_dejavu_16_persian_hebrew.c...
compiling lv_font_montserrat_10.c...
compiling lv_font_montserrat_8.c...
compiling lv_font_montserrat_12.c...
compiling lv_font_montserrat_12_subpx.c...
compiling lv_font_montserrat_16.c...
compiling lv_font_montserrat_14.c...
compiling lv_font_montserrat_18.c...
compiling lv_font_loader.c...
compiling lv_font_montserrat_20.c...
compiling lv_chart.c...
compiling lv_font_montserrat_22.c...
compiling lv_font_montserrat_24.c...
compiling lv_font_montserrat_26.c...
compiling lv_font_montserrat_28.c...
compiling lv_font_montserrat_28_compressed.c...
compiling lv_font_montserrat_32.c...
compiling lv_font_montserrat_30.c...
compiling lv_font_montserrat_34.c...
compiling lv_font_montserrat_36.c...
compiling lv_font_montserrat_40.c...
compiling lv_font_montserrat_38.c...
compiling lv_font_montserrat_42.c...
compiling lv_font_montserrat_44.c...
compiling lv_font_montserrat_46.c...
compiling lv_font_montserrat_48.c...
compiling lv_font_unscii_8.c...
compiling lv_font_unscii_16.c...
compiling lv_font_simsun_16_cjk.c...
compiling lv_hal_tick.c...
compiling lv_hal_indev.c...
compiling lv_async.c...
compiling lv_anim_timeline.c...
compiling lv_bidi.c...
compiling lv_anim.c...
compiling lv_area.c...
compiling lv_hal_disp.c...
compiling lv_log.c...
compiling lv_gc.c...
compiling lv_color.c...
compiling lv_math.c...
compiling lv_ll.c...
compiling lv_fs.c...
compiling lv_templ.c...
compiling lv_style.c...
compiling lv_mem.c...
compiling lv_printf.c...
compiling lv_timer.c...
compiling lv_utils.c...
compiling lv_txt_ap.c...
compiling lv_style_gen.c...
compiling lv_txt.c...
compiling lv_btn.c...
compiling lv_tlsf.c...
compiling lv_dropdown.c...
compiling lv_bar.c...
compiling lv_arc.c...
compiling lv_checkbox.c...
compiling lv_objx_templ.c...
compiling lv_roller.c...
compiling lv_line.c...
compiling lv_switch.c...
compiling lv_img.c...
compiling lv_canvas.c...
compiling lv_btnmatrix.c...
compiling croutine.c...
compiling lv_slider.c...
compiling lv_label.c...
compiling list.c...
compiling event_groups.c...
compiling lv_port_disp_template.c...
compiling heap_4.c...
compiling stream_buffer.c...
compiling lv_table.c...
compiling lv_textarea.c...
compiling port.c...
compiling timers.c...
compiling queue.c...
compiling tasks.c...
compiling cmsis_os2.c...
linking...
Program Size: Code=116174 RO-data=15706 RW-data=88 ZI-data=74384  
FromELF: creating hex file...
"stm32f405_lvgl_example\stm32f405_lvgl_example.axf" - 0 Error(s), 0 Warning(s).

<h2>Software Packages used:</h2>

Package Vendor: ARM
                http://www.keil.com/pack/ARM.CMSIS.5.7.0.pack
                ARM.CMSIS.5.7.0
                CMSIS (Cortex Microcontroller Software Interface Standard)
   * Component: CORE Version: 5.4.0

Package Vendor: Keil
                http://www.keil.com/pack/Keil.STM32F4xx_DFP.2.15.0.pack
                Keil.STM32F4xx_DFP.2.15.0
                STMicroelectronics STM32F4 Series Device Support, Drivers and Examples

<h2>Collection of Component include folders:</h2>
  .\RTE\_stm32f405_lvgl_example
  D:\SoftWares\Keil_v5\Arm\Packs\ARM\CMSIS\5.7.0\CMSIS\Core\Include
  D:\SoftWares\Keil_v5\Arm\Packs\Keil\STM32F4xx_DFP\2.15.0\Drivers\CMSIS\Device\ST\STM32F4xx\Include

<h2>Collection of Component Files used:</h2>

   * Component: ARM::CMSIS:CORE:5.4.0
      Include file:  CMSIS\Core\Include\tz_context.h
Build Time Elapsed:  00:00:07
</pre>
</body>
</html>
